  imgui_impl_dx9.cpp
  imgui_impl_win32.cpp
  imgui.cpp
  imgui_demo.cpp
  imgui_draw.cpp
  imgui_tables.cpp
  imgui_widgets.cpp
  main.cpp
D:\Useful_documents\C++\ARK-Survival-Evolved-ESP\ArkCheat\Memory.h(26,62): warning C4244: 'argument': conversion from 'uintptr_t' to 'DWORD', possible loss of data
  (compiling source file 'main.cpp')
  
D:\Useful_documents\C++\ARK-Survival-Evolved-ESP\ArkCheat\Memory.h(49,73): warning C4244: 'argument': conversion from 'const uintptr_t' to 'DWORD', possible loss of data
  (compiling source file 'main.cpp')
  
D:\Useful_documents\C++\ARK-Survival-Evolved-ESP\ArkCheat\Ark.h(395,61): warning C4244: 'argument': conversion from '__int64' to 'uint32_t', possible loss of data
  (compiling source file 'main.cpp')
  
D:\Useful_documents\C++\ARK-Survival-Evolved-ESP\ArkCheat\Ark.h(402,72): warning C4244: 'argument': conversion from '__int64' to 'uint32_t', possible loss of data
  (compiling source file 'main.cpp')
  
  Generating code
  Previous IPDB not found, fall back to full compilation.
  All 2165 functions were compiled because no usable IPDB/IOBJ from previous compilation was found.
  Finished generating code
  ArkCheat.vcxproj -> D:\Useful_documents\C++\ARK-Survival-Evolved-ESP\x64\Release\ArkCheat.exe
